// Jest Snapshot v1, https://goo.gl/fbAQLP

exports[`OpenDexAPI getAssets 1`] = `
Array [
  Object {
    "asset": "BTC",
    "free": 0.00116486,
    "locked": 0,
    "maxbuy": 58243,
    "maxsell": 58243,
  },
  Object {
    "asset": "DAI",
    "free": 0,
    "locked": 0,
    "maxbuy": 0,
    "maxsell": 0,
  },
  Object {
    "asset": "LTC",
    "free": 0.16579741,
    "locked": 0,
    "maxbuy": 11053160,
    "maxsell": 5526580,
  },
  Object {
    "asset": "WETH",
    "free": 0,
    "locked": 0,
    "maxbuy": 0,
    "maxsell": 0,
  },
]
`;
