// Jest Snapshot v1, https://goo.gl/fbAQLP

exports[`verifyMarkets throws when BTC/USD trading pair is inactive 1`] = `"The configured trading pair BTC/USD does not exist on Binance"`;

exports[`verifyMarkets throws when BTC/USD trading pair not exist 1`] = `"The configured trading pair BTC/USD does not exist on Binance"`;
